// Jest Snapshot v1, https://goo.gl/fbAQLP

exports[`RestyApp component renders RestyApp 1`] = `
<Fragment>
  <Requests
    requests={Array []}
  />
</Fragment>
`;
